============================= test session starts =============================
platform win32 -- Python 3.14.0, pytest-9.0.2, pluggy-1.6.0 -- C:\Python314\python.exe
cachedir: .pytest_cache
rootdir: F:\protein_site_explainer\protein_site_explainer
configfile: pytest.ini
collecting ... collected 3 items

tests/test_alphafold.py::test_get_alphafold_data FAILED
tests/test_alphafold.py::test_get_plddt_at_position FAILED
tests/test_alphafold.py::test_nonexistent_uniprot_id_alphafold PASSED

================================== FAILURES ===================================
___________________________ test_get_alphafold_data ___________________________

    @pytest.mark.smoke
    def test_get_alphafold_data():
        """测试获取AlphaFold数据（smoke test）"""
        # 使用一个已知的蛋白质
>       alphafold_data = get_alphafold_data("P0DTC2")  # SARS-CoV-2 Spike protein
                         ^^^^^^^^^^^^^^^^^^^^^^^^^^^^

tests\test_alphafold.py:10: 
_ _ _ _ _ _ _ _ _ _ _ _ _ _ _ _ _ _ _ _ _ _ _ _ _ _ _ _ _ _ _ _ _ _ _ _ _ _ _ _
src\cache.py:42: in wrapper
    result = func(*args, **kwargs)
             ^^^^^^^^^^^^^^^^^^^^^
src\alphafold.py:47: in get_alphafold_data
    response.raise_for_status()
_ _ _ _ _ _ _ _ _ _ _ _ _ _ _ _ _ _ _ _ _ _ _ _ _ _ _ _ _ _ _ _ _ _ _ _ _ _ _ _

self = <Response [404]>

    def raise_for_status(self):
        """Raises :class:`HTTPError`, if one occurred."""
    
        http_error_msg = ""
        if isinstance(self.reason, bytes):
            # We attempt to decode utf-8 first because some servers
            # choose to localize their reason strings. If the string
            # isn't utf-8, we fall back to iso-8859-1 for all other
            # encodings. (See PR #3538)
            try:
                reason = self.reason.decode("utf-8")
            except UnicodeDecodeError:
                reason = self.reason.decode("iso-8859-1")
        else:
            reason = self.reason
    
        if 400 <= self.status_code < 500:
            http_error_msg = (
                f"{self.status_code} Client Error: {reason} for url: {self.url}"
            )
    
        elif 500 <= self.status_code < 600:
            http_error_msg = (
                f"{self.status_code} Server Error: {reason} for url: {self.url}"
            )
    
        if http_error_msg:
>           raise HTTPError(http_error_msg, response=self)
E           requests.exceptions.HTTPError: 404 Client Error: Not Found for url: https://alphafold.ebi.ac.uk/files/AF-P0DTC2-F1-model_v4.pdb.gz

C:\Users\fls\AppData\Roaming\Python\Python314\site-packages\requests\models.py:1026: HTTPError
_________________________ test_get_plddt_at_position __________________________

    @pytest.mark.smoke
    def test_get_plddt_at_position():
        """测试获取特定位置的pLDDT分数（smoke test）"""
>       alphafold_data = get_alphafold_data("P0DTC2")
                         ^^^^^^^^^^^^^^^^^^^^^^^^^^^^

tests\test_alphafold.py:18: 
_ _ _ _ _ _ _ _ _ _ _ _ _ _ _ _ _ _ _ _ _ _ _ _ _ _ _ _ _ _ _ _ _ _ _ _ _ _ _ _
src\cache.py:42: in wrapper
    result = func(*args, **kwargs)
             ^^^^^^^^^^^^^^^^^^^^^
src\alphafold.py:47: in get_alphafold_data
    response.raise_for_status()
_ _ _ _ _ _ _ _ _ _ _ _ _ _ _ _ _ _ _ _ _ _ _ _ _ _ _ _ _ _ _ _ _ _ _ _ _ _ _ _

self = <Response [404]>

    def raise_for_status(self):
        """Raises :class:`HTTPError`, if one occurred."""
    
        http_error_msg = ""
        if isinstance(self.reason, bytes):
            # We attempt to decode utf-8 first because some servers
            # choose to localize their reason strings. If the string
            # isn't utf-8, we fall back to iso-8859-1 for all other
            # encodings. (See PR #3538)
            try:
                reason = self.reason.decode("utf-8")
            except UnicodeDecodeError:
                reason = self.reason.decode("iso-8859-1")
        else:
            reason = self.reason
    
        if 400 <= self.status_code < 500:
            http_error_msg = (
                f"{self.status_code} Client Error: {reason} for url: {self.url}"
            )
    
        elif 500 <= self.status_code < 600:
            http_error_msg = (
                f"{self.status_code} Server Error: {reason} for url: {self.url}"
            )
    
        if http_error_msg:
>           raise HTTPError(http_error_msg, response=self)
E           requests.exceptions.HTTPError: 404 Client Error: Not Found for url: https://alphafold.ebi.ac.uk/files/AF-P0DTC2-F1-model_v4.pdb.gz

C:\Users\fls\AppData\Roaming\Python\Python314\site-packages\requests\models.py:1026: HTTPError
============================== warnings summary ===============================
C:\Users\fls\AppData\Roaming\Python\Python314\site-packages\_pytest\config\__init__.py:1428
  C:\Users\fls\AppData\Roaming\Python\Python314\site-packages\_pytest\config\__init__.py:1428: PytestConfigWarning: Unknown config option: autouse
  
    self._warn_or_fail_if_strict(f"Unknown config option: {key}\n")

tests\test_alphafold.py:6
  F:\protein_site_explainer\protein_site_explainer\tests\test_alphafold.py:6: PytestUnknownMarkWarning: Unknown pytest.mark.smoke - is this a typo?  You can register custom marks to avoid this warning - for details, see https://docs.pytest.org/en/stable/how-to/mark.html
    @pytest.mark.smoke

tests\test_alphafold.py:15
  F:\protein_site_explainer\protein_site_explainer\tests\test_alphafold.py:15: PytestUnknownMarkWarning: Unknown pytest.mark.smoke - is this a typo?  You can register custom marks to avoid this warning - for details, see https://docs.pytest.org/en/stable/how-to/mark.html
    @pytest.mark.smoke

tests\test_alphafold.py:30
  F:\protein_site_explainer\protein_site_explainer\tests\test_alphafold.py:30: PytestUnknownMarkWarning: Unknown pytest.mark.smoke - is this a typo?  You can register custom marks to avoid this warning - for details, see https://docs.pytest.org/en/stable/how-to/mark.html
    @pytest.mark.smoke

-- Docs: https://docs.pytest.org/en/stable/how-to/capture-warnings.html
=========================== short test summary info ===========================
FAILED tests/test_alphafold.py::test_get_alphafold_data - requests.exceptions.HTTPError: 404 Client Error: Not Found for url: https://alphafold.ebi.ac.uk/files/AF-P0DTC2-F1-model_v4.pdb.gz
FAILED tests/test_alphafold.py::test_get_plddt_at_position - requests.exceptions.HTTPError: 404 Client Error: Not Found for url: https://alphafold.ebi.ac.uk/files/AF-P0DTC2-F1-model_v4.pdb.gz
================== 2 failed, 1 passed, 4 warnings in 13.72s ===================
